Test for RPM

__________
2020-06-11
Test v1.0

----------
2020-06-12
Test v2.0

----------
2020-06-15
Test v2.1

----------
2020-06-16
Test v2.2
